// Jest Snapshot v1, https://goo.gl/fbAQLP

exports[`BraintreeLocalMethod renders component with provided props 1`] = `<div />`;
